#-----------------------------------------------------------
# Vivado v2023.1 (64-bit)
# SW Build 3865809 on Sun May  7 15:05:29 MDT 2023
# IP Build 3864474 on Sun May  7 20:36:21 MDT 2023
# SharedData Build 3865790 on Sun May 07 13:33:03 MDT 2023
# Start of session at: Sat Dec 30 19:49:41 2023
# Process ID: 7976
# Current directory: C:/Users/kasun/OneDrive/Desktop/UOM/Sem 5/EN3021 - Digital System Design/Pipelined processor/RISCV32I_pipelined_processor/RISCV32I_pipelined_project
# Command line: vivado.exe -gui_launcher_event rodinguilauncherevent8300 C:\Users\kasun\OneDrive\Desktop\UOM\Sem 5\EN3021 - Digital System Design\Pipelined processor\RISCV32I_pipelined_processor\RISCV32I_pipelined_project\RISCV32I_pipelined_project.xpr
# Log file: C:/Users/kasun/OneDrive/Desktop/UOM/Sem 5/EN3021 - Digital System Design/Pipelined processor/RISCV32I_pipelined_processor/RISCV32I_pipelined_project/vivado.log
# Journal file: C:/Users/kasun/OneDrive/Desktop/UOM/Sem 5/EN3021 - Digital System Design/Pipelined processor/RISCV32I_pipelined_processor/RISCV32I_pipelined_project\vivado.jou
# Running On: KasuniWijeratne, OS: Windows, CPU Frequency: 2496 MHz, CPU Physical cores: 10, Host memory: 8286 MB
#-----------------------------------------------------------
start_gui
open_project {C:/Users/kasun/OneDrive/Desktop/UOM/Sem 5/EN3021 - Digital System Design/Pipelined processor/RISCV32I_pipelined_processor/RISCV32I_pipelined_project/RISCV32I_pipelined_project.xpr}
update_compile_order -fileset sources_1
open_project {C:/Users/kasun/OneDrive/Desktop/UOM/Sem 5/EN3021 - Digital System Design/Single Cycle Processor/200722T-Single Cycle Processor/Single Cycle Processor Final.xpr}
update_compile_order -fileset sources_1
current_project RISCV32I_pipelined_project
close_project
